\BOOKMARK [1][-]{section.1}{\376\377\000G\000o\000a\000l}{}% 1
\BOOKMARK [1][-]{section.2}{\376\377\000D\000a\000t\000a\000\040\000P\000r\000o\000c\000e\000s\000s\000i\000n\000g\000\040\000a\000n\000d\000\040\000K\000T\000M\000\040\000L\000a\000t\000e\000n\000t\000s}{}% 2
\BOOKMARK [2][-]{subsection.2.1}{\376\377\000P\000I\000X\000\040\000p\000r\000e\000p\000r\000o\000c\000e\000s\000s\000i\000n\000g}{section.2}% 3
\BOOKMARK [2][-]{subsection.2.2}{\376\377\000K\000T\000M\000-\000s\000t\000y\000l\000e\000\040\000l\000a\000t\000e\000n\000t\000\040\000c\000o\000n\000s\000t\000r\000u\000c\000t\000i\000o\000n}{section.2}% 4
\BOOKMARK [1][-]{section.3}{\376\377\000R\000o\000u\000n\000d\000\040\000C\000o\000n\000s\000t\000r\000u\000c\000t\000i\000o\000n}{}% 5
\BOOKMARK [1][-]{section.4}{\376\377\000B\000e\000h\000a\000v\000i\000o\000r\000\040\000P\000o\000l\000i\000c\000y\000\040\000v\000i\000a\000\040\000G\000a\000u\000s\000s\000i\000a\000n\000\040\000R\000e\000g\000r\000e\000s\000s\000i\000o\000n}{}% 6
\BOOKMARK [1][-]{section.5}{\376\377\000P\000r\000o\000p\000e\000n\000s\000i\000t\000y\000\040\000a\000n\000d\000\040\000R\000e\000w\000a\000r\000d}{}% 7
\BOOKMARK [1][-]{section.6}{\376\377\000L\000e\000a\000r\000n\000e\000d\000\040\000P\000o\000l\000i\000c\000y\000\040\000a\000n\000d\000\040\000T\000r\000a\000i\000n\000i\000n\000g\000\040\000O\000b\000j\000e\000c\000t\000i\000v\000e}{}% 8
\BOOKMARK [2][-]{subsection.6.1}{\376\377\000P\000o\000l\000i\000c\000y\000\040\000c\000l\000a\000s\000s}{section.6}% 9
\BOOKMARK [2][-]{subsection.6.2}{\376\377\000I\000m\000p\000o\000r\000t\000a\000n\000c\000e\000\040\000w\000e\000i\000g\000h\000t\000s}{section.6}% 10
\BOOKMARK [2][-]{subsection.6.3}{\376\377\000O\000p\000t\000i\000m\000i\000z\000e\000d\000\040\000o\000b\000j\000e\000c\000t\000i\000v\000e\000s}{section.6}% 11
\BOOKMARK [1][-]{section.7}{\376\377\000C\000o\000n\000t\000e\000x\000t\000\040\000R\000e\000w\000e\000i\000g\000h\000t\000i\000n\000g}{}% 12
\BOOKMARK [1][-]{section.8}{\376\377\000M\000o\000d\000e\000l\000-\000B\000a\000s\000e\000d\000\040\000I\000R\000T\000\040\000V\000a\000l\000u\000e\000\040\000M\000e\000t\000r\000i\000c\000s}{}% 13
\BOOKMARK [1][-]{section.9}{\376\377\000E\000x\000p\000e\000r\000i\000m\000e\000n\000t}{}% 14
\BOOKMARK [2][-]{subsection.9.1}{\376\377\000P\000r\000o\000t\000o\000c\000o\000l}{section.9}% 15
\BOOKMARK [2][-]{subsection.9.2}{\376\377\000F\000i\000n\000a\000l\000-\000R\000o\000u\000n\000d\000\040\000L\000e\000a\000r\000n\000e\000d\000\040\000P\000o\000l\000i\000c\000y\000\040\000V\000a\000l\000u\000e\000s}{section.9}% 16
\BOOKMARK [2][-]{subsection.9.3}{\376\377\000A\000d\000a\000p\000t\000i\000v\000e\000\040\000B\000e\000h\000a\000v\000i\000o\000r\000\040\000P\000o\000l\000i\000c\000y\000\040\000b\000y\000\040\000R\000o\000u\000n\000d}{section.9}% 17
\BOOKMARK [2][-]{subsection.9.4}{\376\377\000P\000o\000l\000i\000c\000y\000\040\000C\000u\000r\000v\000e\000s}{section.9}% 18
\BOOKMARK [2][-]{subsection.9.5}{\376\377\000D\000i\000s\000c\000u\000s\000s\000i\000o\000n}{section.9}% 19
\BOOKMARK [1][-]{section.10}{\376\377\000M\000a\000i\000n\000\040\000O\000u\000t\000p\000u\000t\000s}{}% 20
\BOOKMARK [1][-]{section.11}{\376\377\000R\000e\000f\000e\000r\000e\000n\000c\000e\000\040\000C\000o\000m\000m\000a\000n\000d}{}% 21
